1024
4096
603979768
16384
33554432
16384
65536
4096
2048
2048
