1024
65536
65980984
16384
882499718
882499718
33554432
65536
603979768
16384
