65980984
1024
1048576
16384
603979768
65980984
1024
33554432
4096
2048
