65536
2048
1024
882499718
1024
65980984
65536
65536
16384
65536
