882499718
2048
2048
65536
16384
882499718
1048576
65536
2048
1048576
