2048
2048
16384
2048
4096
16384
603979768
1024
1048576
33554432
