2048
1048576
2048
603979768
65536
16384
65536
33554432
1024
882499718
