33554432
16384
2048
65536
1048576
65980984
65980984
1024
882499718
16384
