65536
33554432
2048
882499718
1048576
603979768
603979768
1024
33554432
1024
