603979768
65980984
603979768
1048576
603979768
65536
2048
882499718
2048
882499718
