33554432
882499718
2048
33554432
65536
65980984
33554432
1048576
4096
65536
