882499718
882499718
1024
33554432
16384
1024
65980984
1048576
4096
4096
