16384
882499718
603979768
65980984
603979768
33554432
2048
33554432
65980984
33554432
