2048
882499718
65980984
882499718
65536
2048
1048576
4096
603979768
33554432
