65980984
1048576
33554432
4096
1024
65536
65980984
16384
4096
65980984
