603979768
882499718
2048
65980984
1048576
4096
33554432
16384
16384
882499718
