1024
1024
882499718
16384
882499718
603979768
16384
4096
33554432
65536
