16384
16384
65980984
4096
2048
16384
16384
2048
1048576
603979768
