65980984
65536
1024
65536
2048
4096
65980984
603979768
882499718
1024
