603979768
1024
2048
1024
1024
2048
33554432
2048
4096
1024
