1024
16384
603979768
4096
882499718
1048576
65980984
2048
4096
603979768
