1024
1048576
1048576
65980984
65980984
882499718
2048
33554432
16384
603979768
