33554432
1048576
882499718
16384
16384
882499718
1024
65536
65536
1048576
