8 10
1 7
1 7
8 10
6 7
1 5
1 5
1 5
1 5
1 5
6 7
6 7
8 8
9 9
10 10
