9 10
1 3
10 10
1 1
2 3
2 3
4 4
5 5
6 8
6 8
6 8
9 9
10 10
