1 10
8 8
1 2
1 2
3 3
4 4
5 7
5 7
5 7
8 8
9 9
10 10
