1 10
1 10
1 10
8 10
8 8
5 6
5 6
1 4
1 4
1 4
1 4
5 6
5 6
7 7
8 8
9 10
9 10
