1 10
7 10
1 2
1 2
5 10
1 2
1 2
3 3
4 4
5 10
5 10
5 10
5 10
5 10
5 10
