3 9
1 2
10 10
8 9
3 7
8 9
1 2
1 2
3 3
4 5
4 5
6 6
7 7
8 9
8 9
10 10
