36
62
24
80
37
51
48
26
53
195
268
143
51
123
34
204
36
60
17
107
52
53
31
68
69
114
57
180
22
71
117
40
44
9
17
55
24
18
199
35
26
38
66
15
81
58
44
23
1
94
16
164
51
180
40
83
108
84
20
96
18
19
6
67
18
36
21
86
36
183
128
54
19
66
40
89
42
36
75
24
12
10
37
20
12
69
79
91
90
48
87
48
32
30
175
262
104
16
74
14
