35
32
154
93
139
100
6
36
64
28
36
28
96
34
36
48
80
27
34
93
74
54
9
140
90
118
34
78
41
10
25
144
75
2
150
66
36
100
90
56
20
41
22
46
182
69
18
128
173
60
22
43
45
42
44
46
50
26
71
2
76
12
100
16
10
119
106
50
25
76
29
47
24
37
89
26
142
179
26
68
84
16
154
67
48
46
30
146
10
120
228
15
19
185
20
134
72
82
80
72
