74
138
84
22
87
12
16
27
136
5
59
40
20
69
50
198
23
20
130
30
72
12
138
84
120
86
19
14
104
28
58
60
37
64
49
2
14
96
86
37
108
54
60
33
84
19
175
255
65
16
45
50
24
25
66
39
101
175
35
19
203
74
56
57
57
4
54
51
100
21
7
61
57
83
91
64
97
64
201
112
52
14
31
25
13
50
140
65
40
21
225
14
13
4
23
63
38
89
59
28
