52
28
98
54
54
15
39
28
163
61
22
36
102
30
120
14
38
54
25
74
465
190
32
33
75
44
14
88
66
139
31
31
124
110
32
96
28
55
34
42
52
29
65
210
23
88
109
19
43
70
70
134
22
126
122
182
62
179
56
14
83
47
24
76
125
6
19
36
64
18
422
73
46
40
143
12
45
90
69
13
43
80
19
118
56
70
123
211
110
70
105
35
43
84
162
97
12
78
85
24
