29
21
47
50
58
36
88
5
64
68
8
121
30
86
32
16
100
29
105
58
36
21
130
26
101
204
116
28
89
46
36
45
102
17
120
25
145
9
126
12
50
9
20
22
58
44
74
46
94
70
30
71
166
77
10
16
43
61
60
39
27
46
15
9
35
118
42
48
26
74
42
140
88
48
52
98
128
64
19
95
360
57
43
30
71
127
76
18
155
60
50
85
135
33
45
35
274
45
22
88
