40
80
96
16
10
80
18
14
182
96
8
24
28
24
68
26
45
114
78
68
75
84
99
36
8
32
48
40
34
224
35
54
100
69
122
93
60
14
80
105
85
51
24
265
48
35
40
72
95
64
48
60
190
48
9
29
36
41
63
113
26
9
96
26
8
30
30
120
20
120
12
27
43
136
72
165
117
101
66
108
126
14
15
48
18
62
34
31
36
47
116
15
44
88
68
56
39
82
190
255
