90
63
53
25
114
134
15
81
34
8
64
68
60
47
39
48
31
80
46
81
66
20
19
130
26
55
19
36
1
48
62
18
199
75
3
30
45
17
34
138
67
644
27
92
26
58
23
4
68
121
28
74
115
109
40
90
164
80
63
36
44
72
117
18
54
36
41
28
42
138
99
41
44
20
129
28
82
20
55
19
18
34
117
141
7
18
238
20
30
39
105
13
63
19
238
30
21
66
50
49
