55
80
33
59
45
44
15
35
38
182
20
48
28
34
32
114
70
44
25
64
84
26
30
106
205
77
84
38
63
154
8
30
60
24
87
64
72
23
34
115
16
42
38
38
132
36
48
41
209
121
16
33
14
95
44
36
45
117
40
104
57
22
48
21
36
37
54
26
29
90
39
17
53
1
63
59
80
24
52
90
58
107
4
20
142
54
125
86
65
46
28
16
44
68
30
4
92
108
84
14
