56
30
108
14
132
81
18
69
48
72
93
54
123
141
22
83
78
12
26
38
173
80
132
61
72
40
60
96
8
161
59
155
79
51
25
49
14
25
57
20
68
104
22
85
29
16
23
193
7
21
32
56
240
6
47
69
31
21
237
96
162
12
31
19
3
8
11
126
57
68
29
81
62
50
25
138
55
93
26
68
32
39
36
13
71
252
44
101
45
58
64
72
57
10
72
80
51
54
60
27
