63
46
148
40
40
66
110
30
78
102
54
72
111
36
112
68
154
42
178
117
24
132
122
9
19
27
40
60
60
61
22
12
57
157
130
246
40
594
50
14
20
144
6
13
70
31
63
42
82
86
34
120
29
60
9
114
44
95
11
56
72
132
16
19
77
16
146
142
61
21
27
122
61
3
59
25
132
21
209
168
12
83
27
48
15
124
37
20
81
34
111
42
14
9
96
28
84
118
54
26
