89
97
37
84
85
74
21
68
70
232
54
19
10
72
128
98
143
54
64
19
65
44
44
68
107
52
108
68
64
127
41
45
53
173
42
52
34
72
59
43
130
29
12
57
7
19
39
32
134
51
74
116
76
114
149
32
84
57
72
164
42
127
35
114
37
70
64
56
52
31
96
71
9
15
100
24
53
74
38
38
86
96
34
19
54
121
14
99
32
22
17
118
13
52
53
60
10
42
220
32
