352
107
44
28
236
68
21
32
37
96
9
180
53
160
88
34
41
35
33
68
120
4
120
80
62
48
72
49
66
36
56
46
130
65
130
21
66
1
84
43
47
14
56
42
40
98
12
4
44
17
38
75
28
24
52
81
6
242
22
40
59
47
55
22
240
123
17
25
64
175
19
15
89
64
60
61
48
79
37
15
46
16
70
81
31
54
148
77
68
50
80
142
36
34
133
51
29
30
21
30
