73
72
44
58
18
30
141
19
2
132
194
124
171
35
82
9
47
143
58
86
32
54
36
40
104
72
16
28
88
54
108
25
63
80
28
46
41
22
32
10
172
99
36
91
41
37
30
48
52
72
20
66
146
65
5
48
19
70
53
104
84
72
114
42
26
49
20
21
101
82
111
25
78
64
160
85
196
52
10
3
72
55
43
60
165
94
26
58
77
20
109
41
24
312
104
73
20
26
30
88
