51
84
68
24
43
5
159
96
48
51
8
80
360
48
52
26
18
71
27
37
110
124
27
165
23
28
28
22
237
56
65
76
125
12
120
35
17
30
38
69
90
184
78
260
116
46
63
157
13
103
99
50
180
49
62
72
80
11
45
92
90
2
76
37
63
156
32
65
38
27
75
19
52
138
20
73
53
77
42
105
27
164
23
92
46
45
101
70
76
90
3
56
145
259
46
134
43
59
43
24
