120
76
95
128
64
11
37
31
68
63
30
54
47
80
77
99
66
234
66
144
12
142
14
29
2
60
42
22
93
108
70
37
84
47
12
206
27
11
60
73
41
120
65
36
66
29
74
93
130
98
30
8
27
77
67
56
40
30
31
180
37
32
28
32
15
28
7
36
82
10
25
119
26
150
32
14
32
94
30
10
40
20
30
8
91
45
62
33
15
66
248
250
49
117
72
32
26
13
31
155
