102
152
84
10
5
78
169
45
13
46
85
40
11
120
49
6
104
120
13
54
75
77
32
16
16
43
84
141
14
20
35
36
16
21
76
31
70
58
16
94
118
78
61
78
44
65
19
73
14
106
178
14
46
10
54
95
25
54
37
61
103
90
47
38
80
90
108
16
60
169
21
28
46
290
53
41
68
28
65
19
60
69
43
30
49
55
72
19
94
33
18
20
12
105
252
30
42
21
23
55
