9
60
35
84
16
15
39
30
138
62
48
83
27
27
67
144
234
62
26
32
60
116
20
20
13
46
52
152
36
111
37
37
40
156
50
74
121
38
55
48
14
78
41
26
88
8
107
84
58
2
37
30
38
127
110
44
12
76
99
55
56
25
8
111
12
22
25
65
84
30
92
172
28
120
38
108
75
35
78
96
60
151
17
46
76
161
52
76
92
45
26
95
58
24
93
90
66
11
16
93
