10
135
13
76
125
21
25
13
32
78
72
64
146
14
118
100
90
30
84
22
23
42
27
42
54
70
93
30
34
54
65
30
22
117
11
220
50
84
100
143
38
172
97
38
61
46
29
49
28
16
94
35
88
119
64
24
49
70
23
18
71
60
85
63
42
55
138
50
38
60
38
53
252
134
92
69
17
12
82
158
112
18
83
288
53
135
75
59
80
36
94
8
70
69
110
22
108
77
49
43
