97
340
96
20
201
30
30
28
68
67
44
29
18
69
172
84
23
14
59
144
116
55
106
105
91
70
68
42
14
58
32
25
26
72
118
47
81
44
131
84
143
69
78
58
42
99
40
66
169
156
18
47
45
154
31
62
113
74
15
46
13
49
92
39
50
56
52
58
76
86
65
179
64
20
48
24
32
40
33
98
93
96
88
73
88
17
43
78
56
24
212
35
36
40
124
63
71
70
10
21
