44
64
65
29
65
194
468
49
62
48
59
14
21
55
93
58
52
53
94
72
28
66
54
68
20
72
68
15
96
138
55
100
58
34
4
55
14
42
219
42
48
1
76
26
60
46
84
99
48
55
20
49
44
5
58
166
108
91
3
59
45
32
75
29
92
50
27
63
42
19
5
51
84
38
44
21
47
88
15
80
10
75
42
91
42
28
49
91
98
38
74
70
48
45
226
34
24
64
168
55
