54
58
39
90
53
92
84
18
10
7
24
61
85
19
48
159
62
9
46
18
27
26
150
29
90
16
54
22
192
63
92
76
135
112
70
27
24
66
46
37
124
68
39
260
141
120
54
6
58
273
54
65
84
1
9
39
59
44
132
89
42
74
15
44
230
77
14
112
47
66
63
125
72
65
117
44
25
23
4
106
18
46
566
16
171
45
115
22
70
168
121
38
19
45
68
42
52
40
80
40
